// Jest Snapshot v1, https://goo.gl/fbAQLP

exports[`<CategoryCard /> renders correctly 1`] = `
<View>
  <View
    accessible={true}
    collapsable={false}
    focusable={false}
    onClick={[Function]}
    onResponderGrant={[Function]}
    onResponderMove={[Function]}
    onResponderRelease={[Function]}
    onResponderTerminate={[Function]}
    onResponderTerminationRequest={[Function]}
    onStartShouldSetResponder={[Function]}
    style={
      Object {
        "backgroundColor": "#581c87",
        "borderBottomLeftRadius": 6,
        "borderBottomRightRadius": 6,
        "borderTopLeftRadius": 6,
        "borderTopRightRadius": 6,
        "color": "#fff",
        "fontSize": 18,
        "fontWeight": "600",
        "lineHeight": 28,
        "marginTop": 16,
        "opacity": 0.9,
        "paddingBottom": 12,
        "paddingLeft": 12,
        "paddingRight": 12,
        "paddingTop": 12,
      }
    }
  >
    <Text
      style={
        Array [
          Object {
            "fontSize": 24,
            "lineHeight": 32,
          },
          Object {
            "color": "#f3e8ff",
          },
        ]
      }
    />
  </View>
</View>
`;
